{
  "content": [
    {
      "text": "{\n  \"commit\":\"\u003cMASKED\u003e\",\n  \"grimoire\": {\n    \"loaded\": false,\n    \"sources\": []\n  },\n  \"health\": \"ok\",\n  \"model\": \"fake-model\",\n  \"project\": {\n    \"indexed\": false\n  },\n  \"provider\": \"\",\n  \"server\": \"celeste\",\n  \"session_cost\": {\n    \"input_tokens\": 0,\n    \"output_tokens\": 0,\n    \"requests\": 0,\n    \"total_cost_usd\": 0,\n    \"unpriced_requests\": 0\n  },\n  \"transport\": \"stdio\",\n  \"uptime\":\"\u003cMASKED\u003e\",\n  \"version\":\"\u003cMASKED\u003e\",\n  \"workspace\": \"\u003cWORKSPACE\u003e\"\n}",
      "type": "text"
    }
  ]
}
