 ✨ Celeste CLI──────────────────────────────────────Press Ctrl+C twice to exit
────────────────────────────────────────────────────────────────────────────────















❯ Type a message or 'help'...
❯
❯
 ⚙ mcp__serverserverserverserverserverserverserverserver__tooltooltooltooltoo… ✓
⚙ off
 ↵ send · ⇧↵ newline · / commands · ⇧↑↓ scroll · Ctrl+K calls · Ctrl+C×2 quit
● Ready
